// Jest Snapshot v1, https://goo.gl/fbAQLP

exports[`Probando el componente <GifCollection /> El componente <GifCollection /> debe de renderearse correctamente 1`] = `
<Fragment>
  <h2
    className="title-collection"
  >
    batman
  </h2>
  <h2>
    Loading...
  </h2>
  <div
    className="container-collection"
  />
</Fragment>
`;
